
> build
> vite build

vite v7.3.1 building client environment for production...
transforming...

warn - The class `ease-[cubic-bezier(0.32,0.72,0,1)]` is ambiguous and matches multiple utilities.
warn - If this is content and not a class, replace it with `ease-&lsqb;cubic-bezier(0.32,0.72,0,1)&rsqb;` to silence this warning.

warn - The class `ease-[cubic-bezier(0.32,0.72,0,1)]` is ambiguous and matches multiple utilities.
warn - If this is content and not a class, replace it with `ease-&lsqb;cubic-bezier(0.32,0.72,0,1)&rsqb;` to silence this warning.
✓ 2615 modules transformed.
rendering chunks...
computing gzip size...
public/build/manifest.json                               12.11 kB │ gzip:   1.57 kB
public/build/assets/app-D-aRdAID.css                    164.73 kB │ gzip:  24.88 kB
public/build/assets/app-BOwvj6B0.css                    176.00 kB │ gzip:  27.28 kB
public/build/assets/play-5a5kKAFi.js                      0.13 kB │ gzip:   0.14 kB
public/build/assets/circle-play-OCX3q4Cx.js               0.19 kB │ gzip:   0.17 kB
public/build/assets/lock-7kG1R8dq.js                      0.20 kB │ gzip:   0.19 kB
public/build/assets/square-pen-Cgz4eEPj.js                0.31 kB │ gzip:   0.24 kB
public/build/assets/refresh-cw-D9Lljy7A.js                0.32 kB │ gzip:   0.23 kB
public/build/assets/trash-2-D1q-6n9a.js                   0.35 kB │ gzip:   0.25 kB
public/build/assets/newsletterService-B8Xg40BE.js         0.38 kB │ gzip:   0.23 kB
public/build/assets/textarea-DqgyaLcL.js                  0.44 kB │ gzip:   0.31 kB
public/build/assets/contactService-ZCoj49HE.js            0.79 kB │ gzip:   0.30 kB
public/build/assets/label-DDTgewyg.js                     0.88 kB │ gzip:   0.55 kB
public/build/assets/NotFoundPage-BG6nSBhn.js              1.49 kB │ gzip:   0.72 kB
public/build/assets/Starfield-DFycO1vj.js                 1.51 kB │ gzip:   0.75 kB
public/build/assets/table-D87AINqU.js                     1.56 kB │ gzip:   0.54 kB
public/build/assets/courseService-CEr6h6w-.js             1.60 kB │ gzip:   0.45 kB
public/build/assets/pageService-C9WZ1Fpw.js               2.17 kB │ gzip:   0.61 kB
public/build/assets/pagination-controls-D9eRbPoU.js       3.63 kB │ gzip:   1.28 kB
public/build/assets/Dashboard-DzefM85U.js                 4.13 kB │ gzip:   1.65 kB
public/build/assets/NewsletterSubscribers-Wv7DDviL.js     4.25 kB │ gzip:   1.63 kB
public/build/assets/AdminCourseReviewsPage-C336WkzV.js    4.93 kB │ gzip:   1.61 kB
public/build/assets/ContactPage-BWYuU3-P.js               5.99 kB │ gzip:   1.60 kB
public/build/assets/LoginPage-DG1MEWUI.js                 6.75 kB │ gzip:   2.54 kB
public/build/assets/CoursesListPage-DCtOpYVd.js           6.78 kB │ gzip:   2.51 kB
public/build/assets/ContactEnquiries-DWUhN40M.js          7.06 kB │ gzip:   2.19 kB
public/build/assets/FAQManagement-Dnw8H-7R.js             8.48 kB │ gzip:   2.68 kB
public/build/assets/SuperAdminDashboard-ARVCSH6r.js       8.81 kB │ gzip:   2.15 kB
public/build/assets/PageManagement-C3KWQgKt.js            8.97 kB │ gzip:   2.79 kB
public/build/assets/SignupPage-D6C3DGp5.js                9.38 kB │ gzip:   2.88 kB
public/build/assets/SupportChatAdmin-CTZsLfil.js         10.31 kB │ gzip:   3.49 kB
public/build/assets/SitemapPage-BHGqEKo_.js              10.45 kB │ gzip:   2.96 kB
public/build/assets/AdminCoursesPage-DsDAMehm.js         11.86 kB │ gzip:   3.60 kB
public/build/assets/LessonViewerPage-CwndItg0.js         25.96 kB │ gzip:   7.59 kB
public/build/assets/sounds-C5Ta-FO2.js                   36.70 kB │ gzip:   9.99 kB
public/build/assets/SecureInterviewClient-DTKR07Nq.js    40.90 kB │ gzip:  11.24 kB
public/build/assets/BlogManagement-DEPodQZX.js           51.49 kB │ gzip:  13.62 kB
public/build/assets/select-BU6HRf2F.js                   51.55 kB │ gzip:  18.03 kB
public/build/assets/types-BFGVKuC0.js                    78.70 kB │ gzip:  21.62 kB
public/build/assets/CourseDetailsPage-Di7I555j.js       121.84 kB │ gzip:  40.20 kB
public/build/assets/app-DGKZAT_p.js                     740.97 kB │ gzip: 225.74 kB

(!) Some chunks are larger than 500 kB after minification. Consider:
- Using dynamic import() to code-split the application
- Use build.rollupOptions.output.manualChunks to improve chunking: https://rollupjs.org/configuration-options/#output-manualchunks
- Adjust chunk size limit for this warning via build.chunkSizeWarningLimit.
✓ built in 19.77s
