resources/js/src/components/ProductionTemplates.tsx(62,25): error TS2362: The left-hand side of an arithmetic operation must be of type 'any', 'number', 'bigint' or an enum type.
resources/js/src/components/ProductionTemplates.tsx(63,33): error TS2362: The left-hand side of an arithmetic operation must be of type 'any', 'number', 'bigint' or an enum type.
resources/js/src/components/ProductionTemplates.tsx(104,91): error TS2345: Argument of type 'string | number | null' is not assignable to parameter of type 'number | null | undefined'.
  Type 'string' is not assignable to type 'number'.
resources/js/src/pages/app/AgencyJobBoard.tsx(369,15): error TS2345: Argument of type '{ title: string; description: string; type: string; }' is not assignable to parameter of type 'string'.
resources/js/src/pages/app/AgencyJobBoard.tsx(395,15): error TS2345: Argument of type '{ title: string; description: string; type: string; }' is not assignable to parameter of type 'string'.
resources/js/src/pages/app/AgencyJobBoard.tsx(405,15): error TS2345: Argument of type '{ title: string; description: string; type: string; }' is not assignable to parameter of type 'string'.
resources/js/src/pages/app/CVManager.tsx(187,15): error TS2345: Argument of type '{ title: string; description: string; type: string; }' is not assignable to parameter of type 'string'.
resources/js/src/pages/app/CVManager.tsx(195,15): error TS2345: Argument of type '{ title: string; description: string; type: string; }' is not assignable to parameter of type 'string'.
resources/js/src/pages/app/CVManager.tsx(209,15): error TS2345: Argument of type '{ title: string; description: string; type: string; }' is not assignable to parameter of type 'string'.
resources/js/src/pages/app/MarketplaceAccountDetail.tsx(121,17): error TS2345: Argument of type '(prev: { id: string; name: string; email: string; status: string; earnings: number; connects: number; rating: number; }[] | { id: string; name: string; email: string; status: string; earnings: number; connects: null; rating: number; }[]) => ({ ...; } | { ...; })[]' is not assignable to parameter of type 'SetStateAction<{ id: string; name: string; email: string; status: string; earnings: number; connects: number; rating: number; }[] | { id: string; name: string; email: string; status: string; earnings: number; connects: null; rating: number; }[]>'.
  Type '(prev: { id: string; name: string; email: string; status: string; earnings: number; connects: number; rating: number; }[] | { id: string; name: string; email: string; status: string; earnings: number; connects: null; rating: number; }[]) => ({ ...; } | { ...; })[]' is not assignable to type '(prevState: { id: string; name: string; email: string; status: string; earnings: number; connects: number; rating: number; }[] | { id: string; name: string; email: string; status: string; earnings: number; connects: null; rating: number; }[]) => { ...; }[] | { ...; }[]'.
    Type '({ id: string; name: string; email: string; status: string; earnings: number; connects: number; rating: number; } | { id: string; name: string; email: string; status: string; earnings: number; connects: null; rating: number; })[]' is not assignable to type '{ id: string; name: string; email: string; status: string; earnings: number; connects: number; rating: number; }[] | { id: string; name: string; email: string; status: string; earnings: number; connects: null; rating: number; }[]'.
      Type '({ id: string; name: string; email: string; status: string; earnings: number; connects: number; rating: number; } | { id: string; name: string; email: string; status: string; earnings: number; connects: null; rating: number; })[]' is not assignable to type '{ id: string; name: string; email: string; status: string; earnings: number; connects: number; rating: number; }[]'.
        Type '{ id: string; name: string; email: string; status: string; earnings: number; connects: number; rating: number; } | { id: string; name: string; email: string; status: string; earnings: number; connects: null; rating: number; }' is not assignable to type '{ id: string; name: string; email: string; status: string; earnings: number; connects: number; rating: number; }'.
          Type '{ id: string; name: string; email: string; status: string; earnings: number; connects: null; rating: number; }' is not assignable to type '{ id: string; name: string; email: string; status: string; earnings: number; connects: number; rating: number; }'.
            Types of property 'connects' are incompatible.
              Type 'null' is not assignable to type 'number'.
resources/js/src/pages/app/UnifiedChat.tsx(364,58): error TS2345: Argument of type 'null' is not assignable to parameter of type 'SetStateAction<{ id: string; platform: string; client: { name: string; avatar: string; company: string; }; project: string; lastMessage: string; lastMessageTime: string; unread: number; starred: boolean; budget: string; status: string; }>'.
resources/js/src/pages/auth/LoginPage.tsx(158,17): error TS2345: Argument of type 'string | undefined' is not assignable to parameter of type 'string'.
  Type 'undefined' is not assignable to type 'string'.
resources/js/src/pages/auth/SignupPage.tsx(164,17): error TS2345: Argument of type 'string | undefined' is not assignable to parameter of type 'string'.
  Type 'undefined' is not assignable to type 'string'.
resources/js/src/pages/interview/SecureInterviewClient.tsx(149,39): error TS2503: Cannot find namespace 'NodeJS'.
resources/js/src/pages/website/CourseDetailsPage.tsx(51,48): error TS18048: 'revRes.data' is possibly 'undefined'.
resources/js/src/pages/website/CourseDetailsPage.tsx(83,44): error TS18048: 'revRes.data' is possibly 'undefined'.
resources/js/src/pages/website/CourseDetailsPage.tsx(126,76): error TS2532: Object is possibly 'undefined'.
resources/js/src/pages/website/CourseDetailsPage.tsx(224,98): error TS2532: Object is possibly 'undefined'.
resources/js/src/pages/website/LessonViewerPage.tsx(538,28): error TS18048: 'res.data' is possibly 'undefined'.
